\equiv
\prec
\succ
\sim
\perp
\preceq
\succeq
\simeq
\mid
\asymp
\parallel
\bowtie
\smile
\sqsubseteq
\sqsupseteq
\doteq
\frown
\propto
\vdash
\dashv
\owns
\ldotp
\cdotp
\aleph
\forall
\hbar
\exists
\nabla
\flat
\ell
\natural
\clubsuit
\sharp
\diamondsuit
\heartsuit
\spadesuit
\dag
\ddag
\rmoustache
\lmoustache
\rgroup
\lgroup
\ominus
\uplus
\sqcap
\ast
\sqcup
\bigcirc
\bullet
\ddagger
\amalg
\And
\longleftarrow
\Leftarrow
\Longleftarrow
\longrightarrow
\Rightarrow
\Longrightarrow
\leftrightarrow
\longleftrightarrow
\Leftrightarrow
\Longleftrightarrow
\mapsto
\longmapsto
\nearrow
\hookleftarrow
\hookrightarrow
\searrow
\leftharpoonup
\rightharpoonup
\swarrow
\leftharpoondown
\rightharpoondown
\nwarrow
\rightleftharpoons
\nless
\lneq
\lneqq
\lnsim
\lnapprox
\nprec
\npreceq
\precnsim
\precnapprox
\nsim
\nmid
\nvdash
\nvDash
\ntriangleleft
\ntrianglelefteq
\subsetneq
\subsetneqq
\ngtr
\gneq
\gneqq
\gnsim
\gnapprox
\nsucc
\nsucceq
\succnsim
\succnapprox
\ncong
\nparallel
\nVDash
\ntriangleright
\ntrianglerighteq
\supsetneq
\supsetneqq
\nVdash
\precneqq
\succneqq
\unlhd
\unrhd
\nleftarrow
\nrightarrow
\nLeftarrow
\nRightarrow
\nleftrightarrow
\nLeftrightarrow
\vartriangle
\hslash
\triangledown
\lozenge
\circledS
\circledR
\measuredangle
\nexists
\mho
\Finv
\Game
\backprime
\blacktriangle
\blacktriangledown
\blacksquare
\blacklozenge
\bigstar
\sphericalangle
\complement
\eth
\diagup
\diagdown
\square
\Box
\Diamond
\yen
\checkmark
\beth
\daleth
\gimel
\digamma
\varkappa
\ulcorner
\urcorner
\llcorner
\lrcorner
\leqq
\leqslant
\eqslantless
\lesssim
\lessapprox
\approxeq
\lessdot
\lll
\lessgtr
\lesseqgtr
\lesseqqgtr
\doteqdot
\risingdotseq
\fallingdotseq
\backsim
\backsimeq
\subseteqq
\Subset
\sqsubset
\preccurlyeq
\curlyeqprec
\precsim
\precapprox
\vartriangleleft
\trianglelefteq
\vDash
\Vvdash
\smallsmile
\smallfrown
\bumpeq
\Bumpeq
\geqq
\geqslant
\eqslantgtr
\gtrsim
\gtrapprox
\gtrdot
\ggg
\gtrless
\gtreqless
\gtreqqless
\eqcirc
\circeq
\triangleq
\thicksim
\thickapprox
\supseteqq
\Supset
\sqsupset
\succcurlyeq
\curlyeqsucc
\succsim
\succapprox
\vartriangleright
\trianglerighteq
\Vdash
\shortmid
\shortparallel
\between
\pitchfork
\varpropto
\blacktriangleleft
\therefore
\backepsilon
\blacktriangleright
\because
\llless
\gggtr
\lhd
\rhd
\eqsim
\Join
\Doteq
\dotplus
\smallsetminus
\Cap
\Cup
\doublebarwedge
\boxminus
\boxplus
\divideontimes
\ltimes
\rtimes
\leftthreetimes
\rightthreetimes
\curlywedge
\curlyvee
\circleddash
\circledast
\centerdot
\intercal
\doublecap
\doublecup
\boxtimes
\dashrightarrow
\dashleftarrow
\leftleftarrows
\leftrightarrows
\Lleftarrow
\twoheadleftarrow
\leftarrowtail
\looparrowleft
\leftrightharpoons
\curvearrowleft
\circlearrowleft
\Lsh
\upuparrows
\upharpoonleft
\downharpoonleft
\multimap
\leftrightsquigarrow
\rightrightarrows
\rightleftarrows
\twoheadrightarrow
\rightarrowtail
\looparrowright
\curvearrowright
\circlearrowright
\Rsh
\downdownarrows
\upharpoonright
\downharpoonright
\rightsquigarrow
\leadsto
\Rrightarrow
\restriction
\angle
\infty
\prime
\triangle
\Gamma
\Delta
\Theta
\Lambda
\Sigma
\Upsilon
\Phi
\Psi
\Omega
\neg
\lnot
\top
\bot
\emptyset
\varnothing
\alpha
\beta
\gamma
\delta
\epsilon
\zeta
\eta
\theta
\iota
\kappa
\lambda
\omicron
\rho
\sigma
\tau
\upsilon
\phi
\chi
\psi
\omega
\varepsilon
\vartheta
\varpi
\varrho
\varsigma
\varphi
\cdot
\circ
\div
\times
\cap
\cup
\setminus
\land
\lor
\wedge
\vee
\surd
\langle
\lvert
\lVert
\rangle
\rvert
\rVert
\approx
\cong
\geq
\gets
\subset
\supset
\subseteq
\supseteq
\nsubseteq
\nsupseteq
\models
\leftarrow
\leq
\rightarrow
\ngeq
\nleq
\space
\nobreakspace
\nobreak
\allowbreak
\barwedge
\veebar
\odot
\oplus
\otimes
\partial
\oslash
\circledcirc
\boxdot
\bigtriangleup
\bigtriangledown
\dagger
\diamond
\star
\triangleleft
\triangleright
\lbrace
\rbrace
\lbrack
\rbrack
\lparen
\rparen
\lfloor
\rfloor
\lceil
\rceil
\backslash
\vert
\Vert
\uparrow
\Uparrow
\downarrow
\Downarrow
\updownarrow
\Updownarrow
\coprod
\bigvee
\bigwedge
\biguplus
\bigcap
\bigcup
\int
\intop
\iint
\iiint
\prod
\sum
\bigotimes
\bigoplus
\bigodot
\oint
\oiint
\oiiint
\bigsqcup
\smallint
\mathellipsis
\ldots
\ddots
\varvdots
\acute
\grave
\ddot
\tilde
\bar
\breve
\check
\hat
\vec
\dot
\mathring
\imath
\jmath
\degree
\pounds
\mathsterling
\maltese
\textdagger
\textdaggerdbl
\textdollar
\textunderscore
\textbraceleft
\textbraceright
\textless
\textgreater
\textbar
\textbardbl
\textasciitilde
\textbackslash
\textasciicircum
\textellipsis
\textcircled
\textendash
\textemdash
\textquoteleft
\textquoteright
\textquotedblleft
\textquotedblright
\textdegree
\textsterling
\widecheck
\widehat
\widetilde
\overrightarrow
\overleftarrow
\Overrightarrow
\overleftrightarrow
\overgroup
\overlinesegment
\overleftharpoon
\overrightharpoon
\underleftarrow
\underrightarrow
\underleftrightarrow
\undergroup
\underlinesegment
\utilde
\xleftarrow
\xrightarrow
\xLeftarrow
\xRightarrow
\xleftrightarrow
\xLeftrightarrow
\xhookleftarrow
\xhookrightarrow
\xmapsto
\xrightharpoondown
\xrightharpoonup
\xleftharpoondown
\xleftharpoonup
\xrightleftharpoons
\xleftrightharpoons
\xlongequal
\xtwoheadrightarrow
\xtwoheadleftarrow
\xtofrom
\xrightleftarrows
\xrightequilibrium
\xleftequilibrium
\textcolor
\color
\newline
\bigl
\Bigl
\biggl
\Biggl
\bigr
\Bigr
\biggr
\Biggr
\bigm
\Bigm
\biggm
\Biggm
\big
\Big
\bigg
\Bigg
\right
\left
\middle
\colorbox
\fcolorbox
\fbox
\cancel
\bcancel
\xcancel
\sout
\hline
\hdashline
\begin
\end
\mathord
\mathbin
\mathrel
\mathopen
\mathclose
\mathpunct
\mathinner
\stackrel
\overset
\underset
\mathrm
\mathit
\mathbf
\mathnormal
\mathbb
\mathcal
\mathfrak
\mathscr
\mathsf
\mathtt
\Bbb
\bold
\frak
\boldsymbol
\cfrac
\dfrac
\frac
\tfrac
\dbinom
\binom
\tbinom
\over
\choose
\atop
\brace
\brack
\genfrac
\above
\overbrace
\underbrace
\href
\url
\includegraphics
\kern
\mkern
\hskip
\mskip
\mathllap
\mathrlap
\mathclap
\mathchoice
\mathop
\arcsin
\arccos
\arctan
\arctg
\arcctg
\arg
\cos
\cosec
\cosh
\cot
\cotg
\coth
\csc
\ctg
\cth
\deg
\dim
\exp
\hom
\ker
\log
\sec
\sin
\sinh
\tan
\tanh
\det
\gcd
\inf
\lim
\max
\min
\sup
\operatorname
\overline
\phantom
\hphantom
\vphantom
\raisebox
\rule
\tiny
\sixptsize
\scriptsize
\footnotesize
\small
\normalsize
\large
\Large
\LARGE
\huge
\Huge
\smash
\sqrt
\displaystyle
\textstyle
\scriptstyle
\scriptscriptstyle
\text
\textrm
\textsf
\texttt
\textnormal
\textbf
\textmd
\textit
\textup
\underline
\verb
\TextOrMath
\char
\gdef
\def
\global
\newcommand
\renewcommand
\providecommand
\bgroup
\egroup
\textcopyright
\copyright
\textregistered
\Bbbk
\llap
\rlap
\clap
\not
\neq
\notin
\vdots
\varGamma
\varDelta
\varTheta
\varLambda
\varXi
\varPi
\varSigma
\varUpsilon
\varPhi
\varPsi
\varOmega
\substack
\colon
\boxed
\iff
\implies
\impliedby
\dots
\dotso
\dotsc
\cdots
\dotsb
\dotsm
\dotsi
\dotsx
\DOTSI
\DOTSB
\DOTSX
\tmspace
\thinspace
\medspace
\thickspace
\negthinspace
\negmedspace
\negthickspace
\enspace
\enskip
\quad
\qquad
\tag
\bmod
\pod
\pmod
\mod
\pmb
\TeX
\LaTeX
\KaTeX
\hspace
\ordinarycolon
\vcentcolon
\dblcolon
\coloneqq
\Coloneqq
\coloneq
\Coloneq
\eqqcolon
\Eqqcolon
\eqcolon
\Eqcolon
\colonapprox
\Colonapprox
\colonsim
\Colonsim
\ratio
\coloncolon
\colonequals
\coloncolonequals
\equalscolon
\equalscoloncolon
\colonminus
\coloncolonminus
\minuscolon
\minuscoloncolon
\coloncolonapprox
\coloncolonsim
\simcolon
\simcoloncolon
\approxcolon
\approxcoloncolon
\notni
\limsup
\liminf
\gvertneqq
\lvertneqq
\ngeqq
\ngeqslant
\nleqq
\nleqslant
\nshortmid
\nshortparallel
\nsubseteqq
\nsupseteqq
\varsubsetneq
\varsubsetneqq
\varsupsetneq
\varsupsetneqq
\llbracket
\rrbracket
\lBrace
\rBrace
\darr
\dArr
\Darr
\lang
\rang
\uarr
\uArr
\Uarr
\alef
\alefsym
\Alpha
\Beta
\bull
\Chi
\clubs
\cnums
\Complex
\Dagger
\diamonds
\empty
\Epsilon
\Eta
\exist
\harr
\hArr
\Harr
\hearts
\image
\infin
\Iota
\isin
\Kappa
\larr
\lArr
\Larr
\lrarr
\lrArr
\Lrarr
\natnums
\Omicron
\plusmn
\rarr
\rArr
\Rarr
\real
\reals
\Reals
\Rho
\sdot
\sect
\spades
\sub
\sube
\supe
\Tau
\thetasym
\weierp
\Zeta
\argmin
\argmax
\plim
\blue
\orange
\pink
\red
\green
\gray
\purple
\blueA
\blueB
\blueC
\blueD
\blueE
\tealA
\tealB
\tealC
\tealD
\tealE
\greenA
\greenB
\greenC
\greenD
\greenE
\goldA
\goldB
\goldC
\goldD
\goldE
\redA
\redB
\redC
\redD
\redE
\maroonA
\maroonB
\maroonC
\maroonD
\maroonE
\purpleA
\purpleB
\purpleC
\purpleD
\purpleE
\mintA
\mintB
\mintC
\grayA
\grayB
\grayC
\grayD
\grayE
\grayF
\grayG
\grayH
\grayI
\kaBlue
\kaGreen
\smear
\pxdy
\jump
\enter
\endmatrix
\beginmatrix
\endcases
\begincases
\unk
\pxsbx
\textcelsius